Microchip MPLAB XC8 Compiler V2.46

Linker command line:

-W-3 \
  --edf=C:\Program Files\Microchip\xc8\v2.46\pic\dat\20240104201356_en.msgs \
  -cn -h+dist/default/production\Lab8.X.production.sym \
  --cmf=dist/default/production\Lab8.X.production.cmf -z -Q16F877A \
  -oC:\Users\engay\AppData\Local\Temp\xcAseps.\driver_tmp_3.o \
  --defsym=__MPLAB_BUILD=1 --fixupoverflow=error \
  -Mdist/default/production/Lab8.X.production.map \
  --md=C:\Users\engay\AppData\Local\Temp\xcAseps.\driver_tmp_0.dat -E1 \
  -ver=XC8 Compiler --acfsm=1493 -ACODE=00h-07FFhx4 -ASTRCODE=00h-01FFFh \
  -ASTRING=00h-0FFhx32 -ACONST=00h-0FFhx32 -AENTRY=00h-0FFhx32 \
  -ACOMMON=070h-07Fh -ABANK0=020h-06Fh -ABANK1=0A0h-0EFh \
  -ABANK2=0110h-016Fh -ABANK3=0190h-01EFh \
  -ARAM=020h-06Fh,0A0h-0EFh,0110h-016Fh,0190h-01EFh \
  -AABS1=020h-07Fh,0A0h-0EFh,0110h-016Fh,0190h-01EFh -ASFR0=00h-01Fh \
  -ASFR1=080h-09Fh -ASFR2=0100h-010Fh -ASFR3=0180h-018Fh \
  -ACONFIG=02007h-02007h -DCONFIG=2 -AIDLOC=02000h-02003h -DIDLOC=2 \
  -AEEDATA=00h-0FFh/02100h -peeprom_data=EEDATA -DEEDATA=2 -DCODE=2 \
  -DSTRCODE=2 -DSTRING=2 -DCONST=2 -DENTRY=2 \
  -preset_vec=00h,intentry=04h,sivt,init,end_init -ppowerup=CODE \
  -pcinit=CODE -pfunctab=ENTRY -k \
  C:\Users\engay\AppData\Local\Temp\xcAseps.\driver_tmp_17.o \
  dist/default/production\Lab8.X.production.o 

Object code version is 3.11

Machine type is 16F877A



                Name                               Link     Load   Length Selector   Space Scale
C:\Users\engay\AppData\Local\Temp\xcAseps.\driver_tmp_17.o
                end_init                              C        C        3        8       0
                reset_vec                             0        0        3        0       0
dist/default/production\Lab8.X.production.o
                cinit                                 F        F       17        8       0
                intentry                              4        4        8        8       0
                text22                              4E4      4E4       4A        8       0
                text21                              5B5      5B5       22      B20       0
                text20                              632      632       1A      B20       0
                text19                              64C      64C       18      B20       0
                text18                              270      270       6A        8       0
                text17                              68C      68C       11      B20       0
                text16                              617      617       1B      B20       0
                text15                              448      448       4F        8       0
                text14                              590      590       25      B20       0
                text13                              2DA      2DA       69        8       0
                text12                              343      343       5B        8       0
                text11                              679      679       13      B20       0
                text10                              6B0      6B0        1      B20       0
                text9                               39E      39E       5A        8       0
                text8                               181      181       EF        8       0
                text7                               5D7      5D7       21      B20       0
                text6                               5F8      5F8       1F      B20       0
                text5                               664      664       15      B20       0
                text4                               497      497       4D        8       0
                text3                               52E      52E       33        8       0
                text2                               69D      69D        B      B20       0
                text1                               3F8      3F8       50        8       0
                maintext                             26       26      15B        8       0
                cstackBANK0                          20       20       3D       20       1
                cstackCOMMON                         70       70        A       70       1
                clrtext                             6A8      6A8        8      B20       0
                bssBANK1                             A0       A0       20       A0       1
                bssBANK0                             5D       5D        9       20       1
                bssCOMMON                            7A       7A        2       70       1
                strings                             561      561       2F      AC2       0

TOTAL           Name                               Link     Load   Length     Space
        CLASS   CODE           
                end_init                              C        C        3         0
                cinit                                 F        F       17         0
                intentry                              4        4        8         0
                reset_vec                             0        0        3         0
                text22                              4E4      4E4       4A         0
                text21                              5B5      5B5       22         0
                text20                              632      632       1A         0
                text19                              64C      64C       18         0
                text18                              270      270       6A         0
                text17                              68C      68C       11         0
                text16                              617      617       1B         0
                text15                              448      448       4F         0
                text14                              590      590       25         0
                text13                              2DA      2DA       69         0
                text12                              343      343       5B         0
                text11                              679      679       13         0
                text10                              6B0      6B0        1         0
                text9                               39E      39E       5A         0
                text8                               181      181       EF         0
                text7                               5D7      5D7       21         0
                text6                               5F8      5F8       1F         0
                text5                               664      664       15         0
                text4                               497      497       4D         0
                text3                               52E      52E       33         0
                text2                               69D      69D        B         0
                text1                               3F8      3F8       50         0
                maintext                             26       26      15B         0
                clrtext                             6A8      6A8        8         0

        CLASS   STRCODE        

        CLASS   STRING         
                strings                             561      561       2F         0

        CLASS   CONST          

        CLASS   ENTRY          

        CLASS   COMMON         
                cstackCOMMON                         70       70        A         1
                bssCOMMON                            7A       7A        2         1

        CLASS   BANK0          
                cstackBANK0                          20       20       3D         1
                bssBANK0                             5D       5D        9         1

        CLASS   BANK1          
                bssBANK1                             A0       A0       20         1

        CLASS   BANK2          

        CLASS   BANK3          

        CLASS   RAM            

        CLASS   ABS1           
                abs_s1                               7E       7E        2         1

        CLASS   SFR0           

        CLASS   SFR1           

        CLASS   SFR2           

        CLASS   SFR3           

        CLASS   CONFIG         

        CLASS   IDLOC          

        CLASS   EEDATA         

        CLASS   HEAP           

        CLASS   STACK          



SEGMENTS        Name                           Load    Length   Top    Selector   Space  Class     Delta

                reset_vec                      000000  000003  000003         0       0  CODE        2
                intentry                       000004  00055D  000561         8       0  CODE        2
                cstackBANK0                    000020  000046  000066        20       1  BANK0       1
                cstackCOMMON                   000070  00000C  00007C        70       1  COMMON      1
                bssBANK1                       0000A0  000020  0000C0        A0       1  BANK1       1
                strings                        000561  00002F  000590       AC2       0  STRING      2
                text14                         000590  000121  0006B1       B20       0  CODE        2


UNUSED ADDRESS RANGES

        Name                Unused          Largest block    Delta
        BANK0            066-06F             A           1
        BANK1            0C0-0EF            30           1
        BANK2            110-16F            60           1
        BANK3            190-1EF            60           1
        CODE             003-003             1           2
                         6B1-1FFF           800
        COMMON           07C-07D             2           1
        CONFIG           2007-2007             1           2
        CONST            003-003             1           2
                         6B1-1FFF           100
        EEDATA           2100-21FF           100           2
        ENTRY            003-003             1           2
                         6B1-1FFF           100
        IDLOC            2000-2003             4           2
        RAM              066-06F             A           1
                         0C0-0EF            30
                         110-16F            60
                         190-1EF            60
        SFR0             000-01F            20           1
        SFR1             080-09F            20           1
        SFR2             100-10F            10           1
        SFR3             180-18F            10           1
        STRCODE          003-003             1           2
                         6B1-1FFF          194F
        STRING           003-003             1           2
                         6B1-1FFF           100

                                  Symbol Table

?___awdiv                          cstackBANK0  020
?___awmod                          cstackBANK0  020
?_abs                              cstackBANK0  024
?_sprintf                          cstackBANK0  034
?_timer_get_time_since_init        cstackBANK0  020
?_vfprintf                         cstackBANK0  030
LCD_SEND_4BIT_CMD@CMD              cstackCOMMON 075
LCD_Write_Char@Data                cstackCOMMON 077
LCD_Write_Char@High4               cstackCOMMON 076
LCD_Write_Char@Low4                cstackCOMMON 075
Print@My_Buffer                    cstackBANK0  046
Print@mynum                        cstackBANK0  044
SET_LCD_DATA_PINS@Data             cstackCOMMON 072
_ADCON1                            (abs)        09F
_GIE                               (abs)        05F
_INTE                              (abs)        05C
_INTEDG                            (abs)        40E
_INTF                              (abs)        059
_ISR                               text22       4E4
_LCD_SEND_4BIT_CMD                 text20       632
_LCD_Write_Char                    text15       448
_My_init_Function                  text16       617
_OPTION_REG                        (abs)        081
_OPTION_REGbits                    (abs)        081
_PORTBbits                         (abs)        006
_Print                             text5        664
_RD0                               (abs)        040
_RD1                               (abs)        041
_RD2                               (abs)        042
_RD3                               (abs)        043
_RD4                               (abs)        044
_RD5                               (abs)        045
_SET_LCD_DATA_PINS                 text21       5B5
_TMR0                              (abs)        001
_TMR0IE                            (abs)        05D
_TMR0IF                            (abs)        05A
_TRISA4                            (abs)        42C
_TRISB                             (abs)        086
_TRISD0                            (abs)        440
_TRISD1                            (abs)        441
_TRISD2                            (abs)        442
_TRISD3                            (abs)        443
_TRISD4                            (abs)        444
_TRISD5                            (abs)        445
__H__absolute__                    __absolute__ 000
__Habs1                            abs1         000
__Hbank0                           bank0        000
__Hbank1                           bank1        000
__Hbank2                           bank2        000
__Hbank3                           bank3        000
__HbssBANK0                        bssBANK0     000
__HbssBANK1                        bssBANK1     000
__HbssCOMMON                       bssCOMMON    000
__Hcinit                           cinit        026
__Hclrtext                         clrtext      000
__Hcode                            code         000
__Hcommon                          common       000
__HcstackBANK0                     cstackBANK0  000
__HcstackCOMMON                    cstackCOMMON 000
__Heeprom_data                     eeprom_data  000
__Hend_init                        end_init     00F
__Hfunctab                         functab      000
__Hheap                            heap         000
__Hinit                            init         00C
__Hintentry                        intentry     00C
__Hmaintext                        maintext     000
__Hpowerup                         powerup      000
__Hram                             ram          000
__Hreset_vec                       reset_vec    003
__Hsfr0                            sfr0         000
__Hsfr1                            sfr1         000
__Hsfr2                            sfr2         000
__Hsfr3                            sfr3         000
__Hsivt                            sivt         00C
__Hspace_0                         (abs)        6B1
__Hspace_1                         (abs)        0C0
__Hspace_2                         (abs)        000
__Hspace_3                         (abs)        000
__Hstack                           stack        000
__Hstrings                         strings      000
__Htext                            text         000
__L__absolute__                    __absolute__ 000
__Labs1                            abs1         000
__Lbank0                           bank0        000
__Lbank1                           bank1        000
__Lbank2                           bank2        000
__Lbank3                           bank3        000
__LbssBANK0                        bssBANK0     000
__LbssBANK1                        bssBANK1     000
__LbssCOMMON                       bssCOMMON    000
__Lcinit                           cinit        00F
__Lclrtext                         clrtext      000
__Lcode                            code         000
__Lcommon                          common       000
__LcstackBANK0                     cstackBANK0  000
__LcstackCOMMON                    cstackCOMMON 000
__Leeprom_data                     eeprom_data  000
__Lend_init                        end_init     00C
__Lfunctab                         functab      000
__Lheap                            heap         000
__Linit                            init         00C
__Lintentry                        intentry     004
__Lmaintext                        maintext     000
__Lpowerup                         powerup      000
__Lram                             ram          000
__Lreset_vec                       reset_vec    000
__Lsfr0                            sfr0         000
__Lsfr1                            sfr1         000
__Lsfr2                            sfr2         000
__Lsfr3                            sfr3         000
__Lsivt                            sivt         00C
__Lspace_0                         (abs)        000
__Lspace_1                         (abs)        000
__Lspace_2                         (abs)        000
__Lspace_3                         (abs)        000
__Lstack                           stack        000
__Lstrings                         strings      000
__Ltext                            text         000
__S0                               (abs)        6B1
__S1                               (abs)        0C0
__S3                               (abs)        000
___awdiv                           text13       2DA
___awdiv@counter                   cstackCOMMON 072
___awdiv@dividend                  cstackBANK0  022
___awdiv@divisor                   cstackBANK0  020
___awdiv@quotient                  cstackCOMMON 074
___awdiv@sign                      cstackCOMMON 073
___awmod                           text12       343
___awmod@counter                   cstackCOMMON 072
___awmod@dividend                  cstackBANK0  022
___awmod@divisor                   cstackBANK0  020
___awmod@sign                      cstackCOMMON 073
___heap_hi                         (abs)        000
___heap_lo                         (abs)        000
___int_sp                          stack        000
___int_stack_hi                    stack        000
___int_stack_lo                    stack        000
___latbits                         (abs)        002
___sp                              stack        000
___stack_hi                        stack        000
___stack_lo                        stack        000
___stackhi                         (abs)        000
___stacklo                         (abs)        000
__end_of_ISR                       text22       52E
__end_of_LCD_SEND_4BIT_CMD         text20       64C
__end_of_LCD_Write_Char            text15       497
__end_of_My_init_Function          text16       632
__end_of_Print                     text5        679
__end_of_SET_LCD_DATA_PINS         text21       5D7
__end_of___awdiv                   text13       343
__end_of___awmod                   text12       39E
__end_of__initialization           cinit        022
__end_of__stringtab                strings      567
__end_of_abs                       text11       68C
__end_of_fputc                     text9        3F8
__end_of_lcd_cmd                   text19       664
__end_of_lcd_init                  text18       2DA
__end_of_lcd_out                   text3        561
__end_of_lcd_out_cp                text14       5B5
__end_of_lcd_set_cursor            text4        4E4
__end_of_main                      maintext     181
__end_of_my_delay                  text1        448
__end_of_putch                     text10       6B1
__end_of_sprintf                   text6        617
__end_of_timer0_init               text17       69D
__end_of_timer_get_time_since_init text2        6A8
__end_of_vfpfcnvrt                 text8        270
__end_of_vfprintf                  text7        5F8
__initialization                   cinit        00F
__pbssBANK0                        bssBANK0     05D
__pbssBANK1                        bssBANK1     0A0
__pbssCOMMON                       bssCOMMON    07A
__pcstackBANK0                     cstackBANK0  020
__pcstackCOMMON                    cstackCOMMON 070
__pintentry                        intentry     004
__pmaintext                        maintext     026
__pstrings                         strings      561
__ptext1                           text1        3F8
__ptext10                          text10       6B0
__ptext11                          text11       679
__ptext12                          text12       343
__ptext13                          text13       2DA
__ptext14                          text14       590
__ptext15                          text15       448
__ptext16                          text16       617
__ptext17                          text17       68C
__ptext18                          text18       270
__ptext19                          text19       64C
__ptext2                           text2        69D
__ptext20                          text20       632
__ptext21                          text21       5B5
__ptext22                          text22       4E4
__ptext3                           text3        52E
__ptext4                           text4        497
__ptext5                           text5        664
__ptext6                           text6        5F8
__ptext7                           text7        5D7
__ptext8                           text8        181
__ptext9                           text9        39E
__stringbase                       strings      566
__stringtab                        strings      561
_abs                               text11       679
_dbuf                              bssBANK1     0A0
_flags                             bssBANK0     065
_fputc                             text9        39E
_lcd_cmd                           text19       64C
_lcd_init                          text18       270
_lcd_out                           text3        52E
_lcd_out_cp                        text14       590
_lcd_set_cursor                    text4        497
_main                              maintext     026
_my_delay                          text1        3F8
_overflow_cnt                      bssCOMMON    07A
_prec                              bssBANK0     063
_putch                             text10       6B0
_sprintf                           text6        5F8
_timer0_init                       text17       68C
_timer0_time_passed_ms             bssBANK0     05D
_timer_get_time_since_init         text2        69D
_vfpfcnvrt                         text8        181
_vfprintf                          text7        5D7
_width                             bssBANK0     061
abs@a                              cstackBANK0  024
btemp                              (abs)        07E
clear_ram0                         clrtext      6A8
end_of_initialization              cinit        022
fputc@c                            cstackBANK0  020
fputc@fp                           cstackBANK0  022
interrupt_function                 intentry     004
intlevel0                          functab      000
intlevel1                          functab      000
intlevel2                          functab      000
intlevel3                          functab      000
intlevel4                          functab      000
intlevel5                          functab      000
lcd_cmd@command                    cstackCOMMON 077
lcd_out@col                        cstackBANK0  025
lcd_out@i                          cstackBANK0  028
lcd_out@row                        cstackBANK0  027
lcd_out@str                        cstackBANK0  026
lcd_out_cp@i                       cstackBANK0  021
lcd_out_cp@str                     cstackBANK0  020
lcd_set_cursor@High4               cstackBANK0  023
lcd_set_cursor@Low4                cstackBANK0  022
lcd_set_cursor@Temp                cstackBANK0  024
lcd_set_cursor@c                   cstackBANK0  020
lcd_set_cursor@r                   cstackBANK0  021
main@count                         cstackBANK0  05B
main@end_time                      cstackBANK0  057
main@start_time                    cstackBANK0  053
my_delay@end_time                  cstackBANK0  02C
my_delay@mytime                    cstackBANK0  024
my_delay@start_time                cstackBANK0  028
reset_vec                          reset_vec    000
saved_w                            (abs)        07E
sprintf@ap                         cstackBANK0  037
sprintf@f                          cstackBANK0  039
sprintf@fmt                        cstackBANK0  034
sprintf@s                          cstackBANK0  038
start                              init         00C
start_initialization               cinit        00F
timer0_init@prescaler              cstackCOMMON 073
vfpfcnvrt@ap                       cstackBANK0  027
vfpfcnvrt@c                        cstackBANK0  02F
vfpfcnvrt@convarg                  cstackBANK0  02B
vfpfcnvrt@cp                       cstackBANK0  02A
vfpfcnvrt@done                     cstackBANK0  028
vfpfcnvrt@fmt                      cstackBANK0  026
vfpfcnvrt@fp                       cstackBANK0  029
vfprintf@ap                        cstackBANK0  031
vfprintf@cfmt                      cstackBANK0  033
vfprintf@fmt                       cstackBANK0  030
vfprintf@fp                        cstackBANK0  032
wtemp0                             (abs)        07E


MODULE INFORMATION

Module		Function		Class		Link	Load	Size
C:\Program Files\Microchip\xc8\v2.46\pic\sources\c99\common\nf_fputc.c
		_fputc         		CODE           	039E	0000	90

C:\Program Files\Microchip\xc8\v2.46\pic\sources\c99\common\nf_fputc.c estimated size: 90

C:\Program Files\Microchip\xc8\v2.46\pic\sources\c99\common\awdiv.c
		___awdiv       		CODE           	02DA	0000	105

C:\Program Files\Microchip\xc8\v2.46\pic\sources\c99\common\awdiv.c estimated size: 105

timer.c
		_timer0_init   		CODE           	068C	0000	17
		_timer_get_time_since_init		CODE           	069D	0000	11

timer.c estimated size: 28

C:\Program Files\Microchip\xc8\v2.46\pic\sources\c99\common\doprnt.c
		_vfpfcnvrt     		CODE           	0181	0000	239
		_vfprintf      		CODE           	05D7	0000	33

C:\Program Files\Microchip\xc8\v2.46\pic\sources\c99\common\doprnt.c estimated size: 272

C:\Program Files\Microchip\xc8\v2.46\pic\sources\c99\common\nf_sprintf.c
		_sprintf       		CODE           	05F8	0000	31

C:\Program Files\Microchip\xc8\v2.46\pic\sources\c99\common\nf_sprintf.c estimated size: 31

shared
		__stringtab    		STRING         	0561	0000	6
		__initialization		CODE           	000F	0000	19

shared estimated size: 25

C:\Program Files\Microchip\xc8\v2.46\pic\sources\c99\common\putch.c
		_putch         		CODE           	06B0	0000	1

C:\Program Files\Microchip\xc8\v2.46\pic\sources\c99\common\putch.c estimated size: 1

lcd.c
		_LCD_Write_Char		CODE           	0448	0000	79
		_lcd_cmd       		CODE           	064C	0000	24
		_lcd_set_cursor		CODE           	0497	0000	77
		_LCD_SEND_4BIT_CMD		CODE           	0632	0000	26
		_SET_LCD_DATA_PINS		CODE           	05B5	0000	34
		_lcd_init      		CODE           	0270	0000	106
		_lcd_out       		CODE           	052E	0000	51
		_lcd_out_cp    		CODE           	0590	0000	37

lcd.c estimated size: 434

C:\Program Files\Microchip\xc8\v2.46\pic\sources\c99\common\abs.c
		_abs           		CODE           	0679	0000	19

C:\Program Files\Microchip\xc8\v2.46\pic\sources\c99\common\abs.c estimated size: 19

C:\Program Files\Microchip\xc8\v2.46\pic\sources\c99\common\awmod.c
		___awmod       		CODE           	0343	0000	91

C:\Program Files\Microchip\xc8\v2.46\pic\sources\c99\common\awmod.c estimated size: 91

main.c
		_ISR           		CODE           	04E4	0000	74
		_main          		CODE           	0026	0000	347
		_Print         		CODE           	0664	0000	21
		_My_init_Function		CODE           	0617	0000	27
		_my_delay      		CODE           	03F8	0000	80

main.c estimated size: 549

