Microchip MPLAB XC8 Compiler V2.46

Linker command line:

-W-3 \
  --edf=C:\Program Files\Microchip\xc8\v2.46\pic\dat\20240104201356_en.msgs \
  -cn -h+dist/default/production\Lab7_Smart_Lock.X.production.sym \
  --cmf=dist/default/production\Lab7_Smart_Lock.X.production.cmf -z \
  -Q16F877A -oC:\Users\engay\AppData\Local\Temp\xcAsgss.\driver_tmp_3.o \
  --defsym=__MPLAB_BUILD=1 --fixupoverflow=error \
  -Mdist/default/production/Lab7_Smart_Lock.X.production.map \
  --md=C:\Users\engay\AppData\Local\Temp\xcAsgss.\driver_tmp_0.dat -E1 \
  -ver=XC8 Compiler --acfsm=1493 -ACODE=00h-07FFhx4 -ASTRCODE=00h-01FFFh \
  -ASTRING=00h-0FFhx32 -ACONST=00h-0FFhx32 -AENTRY=00h-0FFhx32 \
  -ACOMMON=070h-07Fh -ABANK0=020h-06Fh -ABANK1=0A0h-0EFh \
  -ABANK2=0110h-016Fh -ABANK3=0190h-01EFh \
  -ARAM=020h-06Fh,0A0h-0EFh,0110h-016Fh,0190h-01EFh \
  -AABS1=020h-07Fh,0A0h-0EFh,0110h-016Fh,0190h-01EFh -ASFR0=00h-01Fh \
  -ASFR1=080h-09Fh -ASFR2=0100h-010Fh -ASFR3=0180h-018Fh \
  -ACONFIG=02007h-02007h -DCONFIG=2 -AIDLOC=02000h-02003h -DIDLOC=2 \
  -AEEDATA=00h-0FFh/02100h -peeprom_data=EEDATA -DEEDATA=2 -DCODE=2 \
  -DSTRCODE=2 -DSTRING=2 -DCONST=2 -DENTRY=2 \
  -preset_vec=00h,intentry,sivt,init,end_init -ppowerup=CODE -pcinit=CODE \
  -pfunctab=ENTRY -k \
  C:\Users\engay\AppData\Local\Temp\xcAsgss.\driver_tmp_12.o \
  dist/default/production\Lab7_Smart_Lock.X.production.o 

Object code version is 3.11

Machine type is 16F877A



                Name                               Link     Load   Length Selector   Space Scale
C:\Users\engay\AppData\Local\Temp\xcAsgss.\driver_tmp_12.o
                end_init                              0        0        3        0       0
dist/default/production\Lab7_Smart_Lock.X.production.o
                cinit                               7FC      7FC        4      FF8       0
                text11                              652      652       B8      CA4       0
                text10                              478      478       22      8F0       0
                text9                               512      512       4F      A24       0
                text8                               430      430        8      860       0
                text7                               45E      45E       1A      8BC       0
                text6                               446      446       18      88C       0
                text5                               4CD      4CD       45      99A       0
                text4                               49A      49A       33      934       0
                text3                               5CB      5CB       87      B96       0
                text2                               438      438        E      870       0
                text1                               561      561       6A      AC2       0
                maintext                            70A      70A       F2      E14       0
                cstackBANK0                          20       20       11       20       1
                cstackCOMMON                         70       70        C       70       1
                strings                               3        3       43        6       0

TOTAL           Name                               Link     Load   Length     Space
        CLASS   CODE           
                end_init                              0        0        3         0
                cinit                               7FC      7FC        4         0
                text11                              652      652       B8         0
                text10                              478      478       22         0
                text9                               512      512       4F         0
                text8                               430      430        8         0
                text7                               45E      45E       1A         0
                text6                               446      446       18         0
                text5                               4CD      4CD       45         0
                text4                               49A      49A       33         0
                text3                               5CB      5CB       87         0
                text2                               438      438        E         0
                text1                               561      561       6A         0
                maintext                            70A      70A       F2         0

        CLASS   STRCODE        

        CLASS   STRING         
                strings                               3        3       43         0

        CLASS   CONST          

        CLASS   ENTRY          

        CLASS   COMMON         
                cstackCOMMON                         70       70        C         1

        CLASS   BANK0          
                cstackBANK0                          20       20       11         1

        CLASS   BANK1          

        CLASS   BANK2          

        CLASS   BANK3          

        CLASS   RAM            

        CLASS   ABS1           
                abs_s1                               7E       7E        2         1

        CLASS   SFR0           

        CLASS   SFR1           

        CLASS   SFR2           

        CLASS   SFR3           

        CLASS   CONFIG         

        CLASS   IDLOC          

        CLASS   EEDATA         

        CLASS   HEAP           

        CLASS   STACK          



SEGMENTS        Name                           Load    Length   Top    Selector   Space  Class     Delta

                reset_vec                      000000  000003  000003         0       0  CODE        2
                strings                        000003  000043  000046         6       0  STRING      2
                cstackBANK0                    000020  000011  000031        20       1  BANK0       1
                cstackCOMMON                   000070  00000C  00007C        70       1  COMMON      1
                text8                          000430  000008  000438       860       0  CODE        2
                text2                          000438  00000E  000446       870       0  CODE        2
                text6                          000446  000018  00045E       88C       0  CODE        2
                text7                          00045E  00001A  000478       8BC       0  CODE        2
                text10                         000478  000022  00049A       8F0       0  CODE        2
                text4                          00049A  000033  0004CD       934       0  CODE        2
                text5                          0004CD  000045  000512       99A       0  CODE        2
                text9                          000512  00004F  000561       A24       0  CODE        2
                text1                          000561  00006A  0005CB       AC2       0  CODE        2
                text3                          0005CB  000087  000652       B96       0  CODE        2
                text11                         000652  0000B8  00070A       CA4       0  CODE        2
                maintext                       00070A  0000F2  0007FC       E14       0  CODE        2
                cinit                          0007FC  000004  000800       FF8       0  CODE        2


UNUSED ADDRESS RANGES

        Name                Unused          Largest block    Delta
        BANK0            0031-006F             3F           1
        BANK1            00A0-00EF             50           1
        BANK2            0110-016F             60           1
        BANK3            0190-01EF             60           1
        CODE             0046-042F            3EA           2
                         0800-1FFF            800
        COMMON           007C-007D              2           1
        CONFIG           2007-2007              1           2
        CONST            0046-042F            100           2
                         0800-1FFF            100
        EEDATA           2100-21FF            100           2
        ENTRY            0046-042F            100           2
                         0800-1FFF            100
        IDLOC            2000-2003              4           2
        RAM              0031-006F             3F           1
                         00A0-00EF             50
                         0110-016F             60
                         0190-01EF             60
        SFR0             0000-001F             20           1
        SFR1             0080-009F             20           1
        SFR2             0100-010F             10           1
        SFR3             0180-018F             10           1
        STRCODE          0046-042F            3EA           2
                         0800-1FFF           1800
        STRING           0046-042F            100           2
                         0800-1FFF            100

                                  Symbol Table

Get_Password@i             cstackBANK0  0028
Get_Password@pass          cstackBANK0  002A
Get_Password@state         cstackBANK0  0026
LCD_SEND_4BIT_CMD@CMD      cstackCOMMON 0073
LCD_Write_Char@Data        cstackCOMMON 0075
LCD_Write_Char@High4       cstackCOMMON 0074
LCD_Write_Char@Low4        cstackCOMMON 0073
SET_LCD_DATA_PINS@Data     cstackCOMMON 0070
_Get_Password              text3        05CB
_LCD_SEND_4BIT_CMD         text7        045E
_LCD_Write_Char            text9        0512
_OPTION_REG                (abs)        0081
_PORTB                     (abs)        0006
_RD0                       (abs)        0040
_RD1                       (abs)        0041
_RD2                       (abs)        0042
_RD3                       (abs)        0043
_RD4                       (abs)        0044
_RD5                       (abs)        0045
_SET_LCD_DATA_PINS         text10       0478
_TRISB                     (abs)        0086
_TRISD0                    (abs)        0440
_TRISD1                    (abs)        0441
_TRISD2                    (abs)        0442
_TRISD3                    (abs)        0443
_TRISD4                    (abs)        0444
_TRISD5                    (abs)        0445
__H__absolute__            __absolute__ 0000
__Habs1                    abs1         0000
__Hbank0                   bank0        0000
__Hbank1                   bank1        0000
__Hbank2                   bank2        0000
__Hbank3                   bank3        0000
__Hcinit                   cinit        0800
__Hclrtext                 clrtext      0000
__Hcode                    code         0000
__Hcommon                  common       0000
__HcstackBANK0             cstackBANK0  0000
__HcstackCOMMON            cstackCOMMON 0000
__Heeprom_data             eeprom_data  0000
__Hend_init                end_init     0003
__Hfunctab                 functab      0000
__Hheap                    heap         0000
__Hinit                    init         0000
__Hintentry                intentry     0000
__Hmaintext                maintext     0000
__Hpowerup                 powerup      0000
__Hram                     ram          0000
__Hreset_vec               reset_vec    0000
__Hsfr0                    sfr0         0000
__Hsfr1                    sfr1         0000
__Hsfr2                    sfr2         0000
__Hsfr3                    sfr3         0000
__Hsivt                    sivt         0000
__Hspace_0                 (abs)        0800
__Hspace_1                 (abs)        007C
__Hspace_2                 (abs)        0000
__Hspace_3                 (abs)        0000
__Hstack                   stack        0000
__Hstrings                 strings      0000
__Htext                    text         0000
__L__absolute__            __absolute__ 0000
__Labs1                    abs1         0000
__Lbank0                   bank0        0000
__Lbank1                   bank1        0000
__Lbank2                   bank2        0000
__Lbank3                   bank3        0000
__Lcinit                   cinit        07FC
__Lclrtext                 clrtext      0000
__Lcode                    code         0000
__Lcommon                  common       0000
__LcstackBANK0             cstackBANK0  0000
__LcstackCOMMON            cstackCOMMON 0000
__Leeprom_data             eeprom_data  0000
__Lend_init                end_init     0000
__Lfunctab                 functab      0000
__Lheap                    heap         0000
__Linit                    init         0000
__Lintentry                intentry     0000
__Lmaintext                maintext     0000
__Lpowerup                 powerup      0000
__Lram                     ram          0000
__Lreset_vec               reset_vec    0000
__Lsfr0                    sfr0         0000
__Lsfr1                    sfr1         0000
__Lsfr2                    sfr2         0000
__Lsfr3                    sfr3         0000
__Lsivt                    sivt         0000
__Lspace_0                 (abs)        0000
__Lspace_1                 (abs)        0000
__Lspace_2                 (abs)        0000
__Lspace_3                 (abs)        0000
__Lstack                   stack        0000
__Lstrings                 strings      0000
__Ltext                    text         0000
__S0                       (abs)        0800
__S1                       (abs)        007C
__S3                       (abs)        0000
___heap_hi                 (abs)        0000
___heap_lo                 (abs)        0000
___int_sp                  stack        0000
___int_stack_hi            stack        0000
___int_stack_lo            stack        0000
___latbits                 (abs)        0002
___sp                      stack        0000
___stack_hi                stack        0000
___stack_lo                stack        0000
___stackhi                 (abs)        0000
___stacklo                 (abs)        0000
__end_of_Get_Password      text3        0652
__end_of_LCD_SEND_4BIT_CMD text7        0478
__end_of_LCD_Write_Char    text9        0561
__end_of_SET_LCD_DATA_PINS text10       049A
__end_of__initialization   cinit        07FC
__end_of__stringtab        strings      0009
__end_of_keypad_get_key    text11       070A
__end_of_keypad_init       text2        0446
__end_of_lcd_chr_cp        text8        0438
__end_of_lcd_cmd           text6        045E
__end_of_lcd_init          text1        05CB
__end_of_lcd_out           text4        04CD
__end_of_lcd_set_cursor    text5        0512
__end_of_main              maintext     07FC
__initialization           cinit        07FC
__pcstackBANK0             cstackBANK0  0020
__pcstackCOMMON            cstackCOMMON 0070
__pmaintext                maintext     070A
__pstrings                 strings      0003
__ptext1                   text1        0561
__ptext10                  text10       0478
__ptext11                  text11       0652
__ptext2                   text2        0438
__ptext3                   text3        05CB
__ptext4                   text4        049A
__ptext5                   text5        04CD
__ptext6                   text6        0446
__ptext7                   text7        045E
__ptext8                   text8        0430
__ptext9                   text9        0512
__stringbase               strings      0008
__stringtab                strings      0003
_keypad_get_key            text11       0652
_keypad_init               text2        0438
_lcd_chr_cp                text8        0430
_lcd_cmd                   text6        0446
_lcd_init                  text1        0561
_lcd_out                   text4        049A
_lcd_set_cursor            text5        04CD
_main                      maintext     070A
btemp                      (abs)        007E
end_of_initialization      cinit        07FC
intlevel0                  functab      0000
intlevel1                  functab      0000
intlevel2                  functab      0000
intlevel3                  functab      0000
intlevel4                  functab      0000
intlevel5                  functab      0000
lcd_chr_cp@chr             cstackCOMMON 0076
lcd_cmd@command            cstackCOMMON 0075
lcd_out@col                cstackCOMMON 007A
lcd_out@i                  cstackBANK0  0021
lcd_out@row                cstackBANK0  0020
lcd_out@str                cstackCOMMON 007B
lcd_set_cursor@High4       cstackCOMMON 0078
lcd_set_cursor@Low4        cstackCOMMON 0077
lcd_set_cursor@Temp        cstackCOMMON 0079
lcd_set_cursor@c           cstackCOMMON 0074
lcd_set_cursor@r           cstackCOMMON 0076
main@flag                  cstackBANK0  002E
main@i                     cstackBANK0  002F
reset_vec                  reset_vec    0000
start                      init         0000
start_initialization       cinit        07FC
wtemp0                     (abs)        007E


MODULE INFORMATION

Module		Function		Class		Link	Load	Size
keypad.c
		_keypad_init   		CODE           	0438	0000	14
		_keypad_get_key		CODE           	0652	0000	184

keypad.c estimated size: 198

shared
		__stringtab    		STRING         	0003	0000	6
		__initialization		CODE           	07FC	0000	1

shared estimated size: 7

lcd.c
		_lcd_chr_cp    		CODE           	0430	0000	8
		_LCD_Write_Char		CODE           	0512	0000	79
		_lcd_cmd       		CODE           	0446	0000	24
		_lcd_set_cursor		CODE           	04CD	0000	69
		_LCD_SEND_4BIT_CMD		CODE           	045E	0000	26
		_SET_LCD_DATA_PINS		CODE           	0478	0000	34
		_lcd_init      		CODE           	0561	0000	106
		_lcd_out       		CODE           	049A	0000	51

lcd.c estimated size: 397

main.c
		_main          		CODE           	070A	0000	242
		_Get_Password  		CODE           	05CB	0000	135

main.c estimated size: 377

