Microchip MPLAB XC8 Compiler V2.46

Linker command line:

-W-3 \
  --edf=C:\Program Files\Microchip\xc8\v2.46\pic\dat\20240104201356_en.msgs \
  -cn \
  -h+dist/default/production\Challenge_2_Smart_RTC_Clock.X.production.sym \
  --cmf=dist/default/production\Challenge_2_Smart_RTC_Clock.X.production.cmf \
  -z -Q16F877A -oC:\Users\engay\AppData\Local\Temp\xcAsm04.\driver_tmp_3.o \
  --defsym=__MPLAB_BUILD=1 --fixupoverflow=error \
  -Mdist/default/production/Challenge_2_Smart_RTC_Clock.X.production.map \
  --md=C:\Users\engay\AppData\Local\Temp\xcAsm04.\driver_tmp_0.dat -E1 \
  -ver=XC8 Compiler --acfsm=1493 -ACODE=00h-07FFhx4 -ASTRCODE=00h-01FFFh \
  -ASTRING=00h-0FFhx32 -ACONST=00h-0FFhx32 -AENTRY=00h-0FFhx32 \
  -ACOMMON=070h-07Fh -ABANK0=020h-06Fh -ABANK1=0A0h-0EFh \
  -ABANK2=0110h-016Fh -ABANK3=0190h-01EFh \
  -ARAM=020h-06Fh,0A0h-0EFh,0110h-016Fh,0190h-01EFh \
  -AABS1=020h-07Fh,0A0h-0EFh,0110h-016Fh,0190h-01EFh -ASFR0=00h-01Fh \
  -ASFR1=080h-09Fh -ASFR2=0100h-010Fh -ASFR3=0180h-018Fh \
  -ACONFIG=02007h-02007h -DCONFIG=2 -AIDLOC=02000h-02003h -DIDLOC=2 \
  -AEEDATA=00h-0FFh/02100h -peeprom_data=EEDATA -DEEDATA=2 -DCODE=2 \
  -DSTRCODE=2 -DSTRING=2 -DCONST=2 -DENTRY=2 \
  -preset_vec=00h,intentry=04h,sivt,init,end_init -ppowerup=CODE \
  -pcinit=CODE -pfunctab=ENTRY -k \
  C:\Users\engay\AppData\Local\Temp\xcAsm04.\driver_tmp_12.o \
  dist/default/production\Challenge_2_Smart_RTC_Clock.X.production.o 

Object code version is 3.11

Machine type is 16F877A



                Name                               Link     Load   Length Selector   Space Scale
C:\Users\engay\AppData\Local\Temp\xcAsm04.\driver_tmp_12.o
                end_init                              C        C        3        8       0
                reset_vec                             0        0        3        0       0
dist/default/production\Challenge_2_Smart_RTC_Clock.X.production.o
                cinit                                 F        F       2F        8       0
                intentry                              4        4        8        8       0
                text23                              D30      D30       35     1A60       0
                text22                              DAC      DAC       48     1B58       0
                text21                              D65      D65       47     1ACA       0
                text20                              F99      F99       67     1F32       0
                text19                              EE6      EE6       59     1DCC       0
                text18                              C91      C91       22     1922       0
                text17                              E41      E41       4F     1C82       0
                text16                              CB3      CB3       25     1966       0
                text15                              F3F      F3F       5A     1E7E       0
                text14                              C16      C16        B     182C       0
                text13                              7B0      7B0       50        8       0
                text12                              748      748       68        8       0
                text11                              E90      E90       56     1D20       0
                text10                              CD8      CD8       25     19B0       0
                text9                               626      626       B8        8       0
                text8                               C2D      C2D        E     185A       0
                text7                               C0E      C0E        8     181C       0
                text6                               C77      C77       1A     18EE       0
                text5                               C5F      C5F       18     18BE       0
                text4                               6DE      6DE       6A        8       0
                text3                               DF4      DF4       4D     1BE8       0
                text2                               CFD      CFD       33     19FA       0
                text1                               C3B      C3B       11     1876       0
                maintext                             3E       3E      5E8        8       0
                cstackBANK0                          20       20       35       20       1
                cstackCOMMON                         70       70        A       70       1
                inittext                            C4C      C4C       13     1898       0
                dataBANK1                            A0       A0        C       A0       1
                dataBANK0                            63       63        5       20       1
                bssBANK0                             55       55        E       20       1
                bssCOMMON                            7A       7A        2       70       1
                strings                             800      800       2B     1000       0
                idataBANK1                          C21      C21        C     1842       0
                idataBANK0                          C09      C09        5     1812       0

TOTAL           Name                               Link     Load   Length     Space
        CLASS   CODE           
                end_init                              C        C        3         0
                cinit                                 F        F       2F         0
                intentry                              4        4        8         0
                reset_vec                             0        0        3         0
                text23                              D30      D30       35         0
                text22                              DAC      DAC       48         0
                text21                              D65      D65       47         0
                text20                              F99      F99       67         0
                text19                              EE6      EE6       59         0
                text18                              C91      C91       22         0
                text17                              E41      E41       4F         0
                text16                              CB3      CB3       25         0
                text15                              F3F      F3F       5A         0
                text14                              C16      C16        B         0
                text13                              7B0      7B0       50         0
                text12                              748      748       68         0
                text11                              E90      E90       56         0
                text10                              CD8      CD8       25         0
                text9                               626      626       B8         0
                text8                               C2D      C2D        E         0
                text7                               C0E      C0E        8         0
                text6                               C77      C77       1A         0
                text5                               C5F      C5F       18         0
                text4                               6DE      6DE       6A         0
                text3                               DF4      DF4       4D         0
                text2                               CFD      CFD       33         0
                text1                               C3B      C3B       11         0
                maintext                             3E       3E      5E8         0
                inittext                            C4C      C4C       13         0
                idataBANK1                          C21      C21        C         0
                idataBANK0                          C09      C09        5         0

        CLASS   STRCODE        

        CLASS   STRING         
                strings                             800      800       2B         0

        CLASS   CONST          

        CLASS   ENTRY          

        CLASS   COMMON         
                cstackCOMMON                         70       70        A         1
                bssCOMMON                            7A       7A        2         1

        CLASS   BANK0          
                cstackBANK0                          20       20       35         1
                dataBANK0                            63       63        5         1
                bssBANK0                             55       55        E         1

        CLASS   BANK1          
                dataBANK1                            A0       A0        C         1

        CLASS   BANK2          

        CLASS   BANK3          

        CLASS   RAM            

        CLASS   ABS1           
                abs_s1                               7E       7E        2         1

        CLASS   SFR0           

        CLASS   SFR1           

        CLASS   SFR2           

        CLASS   SFR3           

        CLASS   CONFIG         

        CLASS   IDLOC          

        CLASS   EEDATA         

        CLASS   HEAP           

        CLASS   STACK          



SEGMENTS        Name                           Load    Length   Top    Selector   Space  Class     Delta

                reset_vec                      000000  000003  000003         0       0  CODE        2
                intentry                       000004  0007FC  000800         8       0  CODE        2
                cstackBANK0                    000020  000048  000068        20       1  BANK0       1
                cstackCOMMON                   000070  00000C  00007C        70       1  COMMON      1
                dataBANK1                      0000A0  00000C  0000AC        A0       1  BANK1       1
                strings                        000800  00002B  00082B      1000       0  STRING      2
                idataBANK0                     000C09  000005  000C0E      1812       0  CODE        2
                text7                          000C0E  000008  000C16      181C       0  CODE        2
                text14                         000C16  00000B  000C21      182C       0  CODE        2
                idataBANK1                     000C21  00000C  000C2D      1842       0  CODE        2
                text8                          000C2D  00000E  000C3B      185A       0  CODE        2
                text1                          000C3B  000011  000C4C      1876       0  CODE        2
                inittext                       000C4C  000013  000C5F      1898       0  CODE        2
                text5                          000C5F  000018  000C77      18BE       0  CODE        2
                text6                          000C77  00001A  000C91      18EE       0  CODE        2
                text18                         000C91  000022  000CB3      1922       0  CODE        2
                text16                         000CB3  000025  000CD8      1966       0  CODE        2
                text10                         000CD8  000025  000CFD      19B0       0  CODE        2
                text2                          000CFD  000033  000D30      19FA       0  CODE        2
                text23                         000D30  000035  000D65      1A60       0  CODE        2
                text21                         000D65  000047  000DAC      1ACA       0  CODE        2
                text22                         000DAC  000048  000DF4      1B58       0  CODE        2
                text3                          000DF4  00004D  000E41      1BE8       0  CODE        2
                text17                         000E41  00004F  000E90      1C82       0  CODE        2
                text11                         000E90  000056  000EE6      1D20       0  CODE        2
                text19                         000EE6  000059  000F3F      1DCC       0  CODE        2
                text15                         000F3F  00005A  000F99      1E7E       0  CODE        2
                text20                         000F99  000067  001000      1F32       0  CODE        2


UNUSED ADDRESS RANGES

        Name                Unused          Largest block    Delta
        BANK0            0068-006F              8           1
        BANK1            00AC-00EF             44           1
        BANK2            0110-016F             60           1
        BANK3            0190-01EF             60           1
        CODE             0003-0003              1           2
                         082B-0C08            3DE
                         1000-1FFF            800
        COMMON           007C-007D              2           1
        CONFIG           2007-2007              1           2
        CONST            0003-0003              1           2
                         082B-0C08            100
                         1000-1FFF            100
        EEDATA           2100-21FF            100           2
        ENTRY            0003-0003              1           2
                         082B-0C08            100
                         1000-1FFF            100
        IDLOC            2000-2003              4           2
        RAM              0068-006F              8           1
                         00AC-00EF             44
                         0110-016F             60
                         0190-01EF             60
        SFR0             0000-001F             20           1
        SFR1             0080-009F             20           1
        SFR2             0100-010F             10           1
        SFR3             0180-018F             10           1
        STRCODE          0003-0003              1           2
                         082B-0C08            3DE
                         1000-1FFF           1000
        STRING           0003-0003              1           2
                         082B-0C08            100
                         1000-1FFF            100

                                  Symbol Table

?_Get_Real_Number                  cstackBANK0  0025
?___awdiv                          cstackCOMMON 0072
?___awmod                          cstackCOMMON 0072
?___lldiv                          cstackCOMMON 0072
?___llmod                          cstackCOMMON 0072
?___lmul                           cstackCOMMON 0072
?___wmul                           cstackCOMMON 0072
?_timer_get_time_since_init        cstackCOMMON 0072
Get_Real_Number@looping            cstackBANK0  0025
Get_Real_Number@num                cstackBANK0  0029
Get_Real_Number@result             cstackBANK0  002A
LCD_SEND_4BIT_CMD@CMD              cstackCOMMON 0075
LCD_Write_Char@Data                cstackCOMMON 0077
LCD_Write_Char@High4               cstackCOMMON 0076
LCD_Write_Char@Low4                cstackCOMMON 0075
Print@Buffer                       cstackBANK0  0027
Print@F1366                        dataBANK0    0063
Print@i                            cstackBANK0  002C
Print@num                          cstackBANK0  0023
Print@size                         cstackBANK0  0025
Required_Delay@Required_Time       cstackCOMMON 0076
Required_Delay@etime               cstackBANK0  0028
Required_Delay@stime               cstackBANK0  0024
SET_LCD_DATA_PINS@Data             cstackCOMMON 0072
_ADCON1                            (abs)        009F
_Current_Day                       bssBANK0     0061
_Current_Hour                      bssBANK0     0060
_Current_Minute                    bssBANK0     005F
_Current_Year                      bssBANK0     005D
_GIE                               (abs)        005F
_Get_Real_Number                   text21       0D65
_ISR                               text23       0D30
_LCD_SEND_4BIT_CMD                 text6        0C77
_LCD_Write_Char                    text17       0E41
_OPTION_REG                        (abs)        0081
_OPTION_REGbits                    (abs)        0081
_PORTB                             (abs)        0006
_Print                             text15       0F3F
_RD0                               (abs)        0040
_RD1                               (abs)        0041
_RD2                               (abs)        0042
_RD3                               (abs)        0043
_RD4                               (abs)        0044
_RD5                               (abs)        0045
_Required_Delay                    text13       07B0
_SET_LCD_DATA_PINS                 text18       0C91
_Seconds                           bssBANK0     0055
_TMR0                              (abs)        0001
_TMR0IE                            (abs)        005D
_TMR0IF                            (abs)        005A
_TRISA4                            (abs)        042C
_TRISB                             (abs)        0086
_TRISD0                            (abs)        0440
_TRISD1                            (abs)        0441
_TRISD2                            (abs)        0442
_TRISD3                            (abs)        0443
_TRISD4                            (abs)        0444
_TRISD5                            (abs)        0445
__H__absolute__                    __absolute__ 0000
__Habs1                            abs1         0000
__Hbank0                           bank0        0000
__Hbank1                           bank1        0000
__Hbank2                           bank2        0000
__Hbank3                           bank3        0000
__HbssBANK0                        bssBANK0     0000
__HbssCOMMON                       bssCOMMON    0000
__Hcinit                           cinit        003E
__Hclrtext                         clrtext      0000
__Hcode                            code         0000
__Hcommon                          common       0000
__HcstackBANK0                     cstackBANK0  0000
__HcstackCOMMON                    cstackCOMMON 0000
__HdataBANK0                       dataBANK0    0000
__HdataBANK1                       dataBANK1    0000
__Heeprom_data                     eeprom_data  0000
__Hend_init                        end_init     000F
__Hfunctab                         functab      0000
__Hheap                            heap         0000
__HidataBANK0                      idataBANK0   0000
__HidataBANK1                      idataBANK1   0000
__Hinit                            init         000C
__Hinittext                        inittext     0000
__Hintentry                        intentry     000C
__Hmaintext                        maintext     0000
__Hpowerup                         powerup      0000
__Hram                             ram          0000
__Hreset_vec                       reset_vec    0003
__Hsfr0                            sfr0         0000
__Hsfr1                            sfr1         0000
__Hsfr2                            sfr2         0000
__Hsfr3                            sfr3         0000
__Hsivt                            sivt         000C
__Hspace_0                         (abs)        1000
__Hspace_1                         (abs)        00AC
__Hspace_2                         (abs)        0000
__Hspace_3                         (abs)        0000
__Hstack                           stack        0000
__Hstrings                         strings      0000
__Htext                            text         0000
__L__absolute__                    __absolute__ 0000
__Labs1                            abs1         0000
__Lbank0                           bank0        0000
__Lbank1                           bank1        0000
__Lbank2                           bank2        0000
__Lbank3                           bank3        0000
__LbssBANK0                        bssBANK0     0000
__LbssCOMMON                       bssCOMMON    0000
__Lcinit                           cinit        000F
__Lclrtext                         clrtext      0000
__Lcode                            code         0000
__Lcommon                          common       0000
__LcstackBANK0                     cstackBANK0  0000
__LcstackCOMMON                    cstackCOMMON 0000
__LdataBANK0                       dataBANK0    0000
__LdataBANK1                       dataBANK1    0000
__Leeprom_data                     eeprom_data  0000
__Lend_init                        end_init     000C
__Lfunctab                         functab      0000
__Lheap                            heap         0000
__LidataBANK0                      idataBANK0   0000
__LidataBANK1                      idataBANK1   0000
__Linit                            init         000C
__Linittext                        inittext     0000
__Lintentry                        intentry     0004
__Lmaintext                        maintext     0000
__Lpowerup                         powerup      0000
__Lram                             ram          0000
__Lreset_vec                       reset_vec    0000
__Lsfr0                            sfr0         0000
__Lsfr1                            sfr1         0000
__Lsfr2                            sfr2         0000
__Lsfr3                            sfr3         0000
__Lsivt                            sivt         000C
__Lspace_0                         (abs)        0000
__Lspace_1                         (abs)        0000
__Lspace_2                         (abs)        0000
__Lspace_3                         (abs)        0000
__Lstack                           stack        0000
__Lstrings                         strings      0000
__Ltext                            text         0000
__S0                               (abs)        1000
__S1                               (abs)        00AC
__S3                               (abs)        0000
___awdiv                           text20       0F99
___awdiv@counter                   cstackCOMMON 0076
___awdiv@dividend                  cstackCOMMON 0074
___awdiv@divisor                   cstackCOMMON 0072
___awdiv@quotient                  cstackCOMMON 0078
___awdiv@sign                      cstackCOMMON 0077
___awmod                           text19       0EE6
___awmod@counter                   cstackCOMMON 0076
___awmod@dividend                  cstackCOMMON 0074
___awmod@divisor                   cstackCOMMON 0072
___awmod@sign                      cstackCOMMON 0077
___heap_hi                         (abs)        0000
___heap_lo                         (abs)        0000
___int_sp                          stack        0000
___int_stack_hi                    stack        0000
___int_stack_lo                    stack        0000
___latbits                         (abs)        0002
___lldiv                           text12       0748
___lldiv@counter                   cstackBANK0  0025
___lldiv@dividend                  cstackCOMMON 0076
___lldiv@divisor                   cstackCOMMON 0072
___lldiv@quotient                  cstackBANK0  0021
___llmod                           text11       0E90
___llmod@counter                   cstackBANK0  0021
___llmod@dividend                  cstackCOMMON 0076
___llmod@divisor                   cstackCOMMON 0072
___lmul                            text22       0DAC
___lmul@multiplicand               cstackCOMMON 0076
___lmul@multiplier                 cstackCOMMON 0072
___lmul@product                    cstackBANK0  0021
___sp                              stack        0000
___stack_hi                        stack        0000
___stack_lo                        stack        0000
___stackhi                         (abs)        0000
___stacklo                         (abs)        0000
___wmul                            text10       0CD8
___wmul@multiplicand               cstackCOMMON 0074
___wmul@multiplier                 cstackCOMMON 0072
___wmul@product                    cstackCOMMON 0076
__end_of_Get_Real_Number           text21       0DAC
__end_of_ISR                       text23       0D65
__end_of_LCD_SEND_4BIT_CMD         text6        0C91
__end_of_LCD_Write_Char            text17       0E90
__end_of_Print                     text15       0F99
__end_of_Required_Delay            text13       0800
__end_of_SET_LCD_DATA_PINS         text18       0CB3
__end_of___awdiv                   text20       1000
__end_of___awmod                   text19       0F3F
__end_of___lldiv                   text12       07B0
__end_of___llmod                   text11       0EE6
__end_of___lmul                    text22       0DF4
__end_of___wmul                    text10       0CFD
__end_of__initialization           cinit        003A
__end_of__stringtab                strings      0806
__end_of_keypad_get_key            text9        06DE
__end_of_keypad_init               text8        0C3B
__end_of_lcd_chr_cp                text7        0C16
__end_of_lcd_cmd                   text5        0C77
__end_of_lcd_init                  text4        0748
__end_of_lcd_out                   text2        0D30
__end_of_lcd_out_cp                text16       0CD8
__end_of_lcd_set_cursor            text3        0E41
__end_of_main                      maintext     0626
__end_of_timer0_init               text1        0C4C
__end_of_timer_get_time_since_init text14       0C21
__initialization                   cinit        000F
__pbssBANK0                        bssBANK0     0055
__pbssCOMMON                       bssCOMMON    007A
__pcstackBANK0                     cstackBANK0  0020
__pcstackCOMMON                    cstackCOMMON 0070
__pdataBANK0                       dataBANK0    0063
__pdataBANK1                       dataBANK1    00A0
__pidataBANK0                      idataBANK0   0C09
__pidataBANK1                      idataBANK1   0C21
__pintentry                        intentry     0004
__pmaintext                        maintext     003E
__pstrings                         strings      0800
__ptext1                           text1        0C3B
__ptext10                          text10       0CD8
__ptext11                          text11       0E90
__ptext12                          text12       0748
__ptext13                          text13       07B0
__ptext14                          text14       0C16
__ptext15                          text15       0F3F
__ptext16                          text16       0CB3
__ptext17                          text17       0E41
__ptext18                          text18       0C91
__ptext19                          text19       0EE6
__ptext2                           text2        0CFD
__ptext20                          text20       0F99
__ptext21                          text21       0D65
__ptext22                          text22       0DAC
__ptext23                          text23       0D30
__ptext3                           text3        0DF4
__ptext4                           text4        06DE
__ptext5                           text5        0C5F
__ptext6                           text6        0C77
__ptext7                           text7        0C0E
__ptext8                           text8        0C2D
__ptext9                           text9        0626
__stringbase                       strings      0805
__stringtab                        strings      0800
_keypad_get_key                    text9        0626
_keypad_init                       text8        0C2D
_lcd_chr_cp                        text7        0C0E
_lcd_cmd                           text5        0C5F
_lcd_init                          text4        06DE
_lcd_out                           text2        0CFD
_lcd_out_cp                        text16       0CB3
_lcd_set_cursor                    text3        0DF4
_main                              maintext     003E
_month                             bssBANK0     0062
_overflow_cnt                      bssCOMMON    007A
_timer0_init                       text1        0C3B
_timer0_time_passed_ms             bssBANK0     0059
_timer_get_time_since_init         text14       0C16
btemp                              (abs)        007E
end_of_initialization              cinit        003A
init_fetch0                        inittext     0C4C
init_ram0                          inittext     0C50
interrupt_function                 intentry     0004
intlevel0                          functab      0000
intlevel1                          functab      0000
intlevel2                          functab      0000
intlevel3                          functab      0000
intlevel4                          functab      0000
intlevel5                          functab      0000
lcd_chr_cp@chr                     cstackCOMMON 0078
lcd_cmd@command                    cstackCOMMON 0077
lcd_out@col                        cstackBANK0  0024
lcd_out@i                          cstackBANK0  0027
lcd_out@row                        cstackBANK0  0026
lcd_out@str                        cstackBANK0  0025
lcd_out_cp@i                       cstackBANK0  0021
lcd_out_cp@str                     cstackBANK0  0020
lcd_set_cursor@High4               cstackBANK0  0022
lcd_set_cursor@Low4                cstackBANK0  0021
lcd_set_cursor@Temp                cstackBANK0  0023
lcd_set_cursor@c                   cstackCOMMON 0076
lcd_set_cursor@r                   cstackBANK0  0020
main@F1377                         dataBANK1    00A0
main@My_Buffer                     cstackBANK0  0034
main@c                             cstackBANK0  004D
main@c_194                         cstackBANK0  004E
main@desired                       cstackBANK0  004F
main@end                           cstackBANK0  0052
main@i                             cstackBANK0  0053
main@key                           cstackBANK0  0051
main@months                        cstackBANK0  003F
main@num_of_Current_Days           cstackBANK0  004B
reset_vec                          reset_vec    0000
saved_w                            (abs)        007E
start                              init         000C
start_initialization               cinit        000F
timer0_init@prescaler              cstackCOMMON 0073
wtemp0                             (abs)        007E


MODULE INFORMATION

Module		Function		Class		Link	Load	Size
C:\Program Files\Microchip\xc8\v2.46\pic\sources\c99\common\awdiv.c
		___awdiv       		CODE           	0F99	0000	103

C:\Program Files\Microchip\xc8\v2.46\pic\sources\c99\common\awdiv.c estimated size: 103

lib/lcd/lcd.c
		_lcd_chr_cp    		CODE           	0C0E	0000	8
		_LCD_Write_Char		CODE           	0E41	0000	79
		_lcd_cmd       		CODE           	0C5F	0000	24
		_lcd_set_cursor		CODE           	0DF4	0000	77
		_LCD_SEND_4BIT_CMD		CODE           	0C77	0000	26
		_SET_LCD_DATA_PINS		CODE           	0C91	0000	34
		_lcd_init      		CODE           	06DE	0000	106
		_lcd_out       		CODE           	0CFD	0000	51
		_lcd_out_cp    		CODE           	0CB3	0000	37

lib/lcd/lcd.c estimated size: 442

lib/keypad/keypad.c
		_keypad_init   		CODE           	0C2D	0000	14
		_keypad_get_key		CODE           	0626	0000	184

lib/keypad/keypad.c estimated size: 198

shared
		__stringtab    		STRING         	0800	0000	6
		__initialization		CODE           	000F	0000	43

shared estimated size: 49

C:\Program Files\Microchip\xc8\v2.46\pic\sources\c99\common\__lldiv.c
		___lldiv       		CODE           	0748	0000	104

C:\Program Files\Microchip\xc8\v2.46\pic\sources\c99\common\__lldiv.c estimated size: 104

C:\Program Files\Microchip\xc8\v2.46\pic\sources\c99\common\Umul16.c
		___wmul        		CODE           	0CD8	0000	37

C:\Program Files\Microchip\xc8\v2.46\pic\sources\c99\common\Umul16.c estimated size: 37

C:\Program Files\Microchip\xc8\v2.46\pic\sources\c99\common\awmod.c
		___awmod       		CODE           	0EE6	0000	89

C:\Program Files\Microchip\xc8\v2.46\pic\sources\c99\common\awmod.c estimated size: 89

C:\Program Files\Microchip\xc8\v2.46\pic\sources\c99\common\llmod.c
		___llmod       		CODE           	0E90	0000	86

C:\Program Files\Microchip\xc8\v2.46\pic\sources\c99\common\llmod.c estimated size: 86

main.c
		_Required_Delay		CODE           	07B0	0000	80
		_ISR           		CODE           	0D30	0000	53
		_main          		CODE           	003E	0000	1512
		_Print         		CODE           	0F3F	0000	90
		_Get_Real_Number		CODE           	0D65	0000	71

main.c estimated size: 1806

C:\Program Files\Microchip\xc8\v2.46\pic\sources\c99\common\Umul32.c
		___lmul        		CODE           	0DAC	0000	72

C:\Program Files\Microchip\xc8\v2.46\pic\sources\c99\common\Umul32.c estimated size: 72

lib/timer/timer.c
		_timer0_init   		CODE           	0C3B	0000	17
		_timer_get_time_since_init		CODE           	0C16	0000	11

lib/timer/timer.c estimated size: 28

