Microchip MPLAB XC8 Compiler V2.46

Linker command line:

-W-3 \
  --edf=C:\Program Files\Microchip\xc8\v2.46\pic\dat\20240104201356_en.msgs \
  -cn \
  -h+dist/default/production\Challenge_1_Simple_Casio_Cal.X.production.sym \
  --cmf=dist/default/production\Challenge_1_Simple_Casio_Cal.X.production.cmf \
  -z -Q16F877A -oC:\Users\engay\AppData\Local\Temp\xcAsdgg.\driver_tmp_3.o \
  --defsym=__MPLAB_BUILD=1 --fixupoverflow=error \
  -Mdist/default/production/Challenge_1_Simple_Casio_Cal.X.production.map \
  --md=C:\Users\engay\AppData\Local\Temp\xcAsdgg.\driver_tmp_0.dat -E1 \
  -ver=XC8 Compiler --acfsm=1493 -ACODE=00h-07FFhx4 -ASTRCODE=00h-01FFFh \
  -ASTRING=00h-0FFhx32 -ACONST=00h-0FFhx32 -AENTRY=00h-0FFhx32 \
  -ACOMMON=070h-07Fh -ABANK0=020h-06Fh -ABANK1=0A0h-0EFh \
  -ABANK2=0110h-016Fh -ABANK3=0190h-01EFh \
  -ARAM=020h-06Fh,0A0h-0EFh,0110h-016Fh,0190h-01EFh \
  -AABS1=020h-07Fh,0A0h-0EFh,0110h-016Fh,0190h-01EFh -ASFR0=00h-01Fh \
  -ASFR1=080h-09Fh -ASFR2=0100h-010Fh -ASFR3=0180h-018Fh \
  -ACONFIG=02007h-02007h -DCONFIG=2 -AIDLOC=02000h-02003h -DIDLOC=2 \
  -AEEDATA=00h-0FFh/02100h -peeprom_data=EEDATA -DEEDATA=2 -DCODE=2 \
  -DSTRCODE=2 -DSTRING=2 -DCONST=2 -DENTRY=2 \
  -preset_vec=00h,intentry,sivt,init,end_init -ppowerup=CODE -pcinit=CODE \
  -pfunctab=ENTRY -k \
  C:\Users\engay\AppData\Local\Temp\xcAsdgg.\driver_tmp_12.o \
  dist/default/production\Challenge_1_Simple_Casio_Cal.X.production.o 

Object code version is 3.11

Machine type is 16F877A



                Name                               Link     Load   Length Selector   Space Scale
C:\Users\engay\AppData\Local\Temp\xcAsdgg.\driver_tmp_12.o
                end_init                              0        0        3        0       0
dist/default/production\Challenge_1_Simple_Casio_Cal.X.production.o
                cinit                               7EB      7EB       15      FD6       0
                text21                              64A      64A       B8      C94       0
                text20                               CB       CB       22      196       0
                text19                              1C9      1C9       4F      392       0
                text18                               6B       6B        8       D6       0
                text17                               B1       B1       1A      162       0
                text16                               99       99       18      132       0
                text15                              138      138       45      270       0
                text14                              59D      59D       AD      B3A       0
                text13                              2D9      2D9       69      5B2       0
                text12                              218      218       59      430       0
                text11                               ED       ED       25      1DA       0
                text10                               89       89       10      112       0
                text9                               271      271       68      4E2       0
                text8                               485      485       76      90A       0
                text7                               4FB      4FB       A2      9F6       0
                text6                               17D      17D       4C      2FA       0
                text5                               342      342       69      684       0
                text4                               702      702       E9      E04       0
                text3                               112      112       26      224       0
                text2                                7B       7B        E       F6       0
                text1                               3AB      3AB       6A      756       0
                maintext                            415      415       70      82A       0
                cstackBANK0                          20       20       34       20       1
                cstackCOMMON                         70       70        E       70       1
                clrtext                              73       73        8       E6       0
                bssBANK1                             A0       A0       12       A0       1
                bssBANK0                             54       54       11       20       1

TOTAL           Name                               Link     Load   Length     Space
        CLASS   CODE           
                end_init                              0        0        3         0
                cinit                               7EB      7EB       15         0
                text21                              64A      64A       B8         0
                text20                               CB       CB       22         0
                text19                              1C9      1C9       4F         0
                text18                               6B       6B        8         0
                text17                               B1       B1       1A         0
                text16                               99       99       18         0
                text15                              138      138       45         0
                text14                              59D      59D       AD         0
                text13                              2D9      2D9       69         0
                text12                              218      218       59         0
                text11                               ED       ED       25         0
                text10                               89       89       10         0
                text9                               271      271       68         0
                text8                               485      485       76         0
                text7                               4FB      4FB       A2         0
                text6                               17D      17D       4C         0
                text5                               342      342       69         0
                text4                               702      702       E9         0
                text3                               112      112       26         0
                text2                                7B       7B        E         0
                text1                               3AB      3AB       6A         0
                maintext                            415      415       70         0
                clrtext                              73       73        8         0

        CLASS   STRCODE        

        CLASS   STRING         

        CLASS   CONST          

        CLASS   ENTRY          

        CLASS   COMMON         
                cstackCOMMON                         70       70        E         1

        CLASS   BANK0          
                cstackBANK0                          20       20       34         1
                bssBANK0                             54       54       11         1

        CLASS   BANK1          
                bssBANK1                             A0       A0       12         1

        CLASS   BANK2          

        CLASS   BANK3          

        CLASS   RAM            

        CLASS   ABS1           
                abs_s1                               7E       7E        2         1

        CLASS   SFR0           

        CLASS   SFR1           

        CLASS   SFR2           

        CLASS   SFR3           

        CLASS   CONFIG         

        CLASS   IDLOC          

        CLASS   EEDATA         

        CLASS   HEAP           

        CLASS   STACK          



SEGMENTS        Name                           Load    Length   Top    Selector   Space  Class     Delta

                reset_vec                      000000  000003  000003         0       0  CODE        2
                cstackBANK0                    000020  000045  000065        20       1  BANK0       1
                cstackCOMMON                   000070  00000E  00007E        70       1  COMMON      1
                bssBANK1                       0000A0  000012  0000B2        A0       1  BANK1       1
                text18                         00006B  000008  000073        D6       0  CODE        2
                clrtext                        000073  000008  00007B        E6       0  CODE        2
                text2                          00007B  00000E  000089        F6       0  CODE        2
                text10                         000089  000010  000099       112       0  CODE        2
                text16                         000099  000018  0000B1       132       0  CODE        2
                text17                         0000B1  00001A  0000CB       162       0  CODE        2
                text20                         0000CB  000022  0000ED       196       0  CODE        2
                text11                         0000ED  000025  000112       1DA       0  CODE        2
                text3                          000112  000026  000138       224       0  CODE        2
                text15                         000138  000045  00017D       270       0  CODE        2
                text6                          00017D  00004C  0001C9       2FA       0  CODE        2
                text19                         0001C9  00004F  000218       392       0  CODE        2
                text12                         000218  000059  000271       430       0  CODE        2
                text9                          000271  000068  0002D9       4E2       0  CODE        2
                text13                         0002D9  000069  000342       5B2       0  CODE        2
                text5                          000342  000069  0003AB       684       0  CODE        2
                text1                          0003AB  00006A  000415       756       0  CODE        2
                maintext                       000415  000070  000485       82A       0  CODE        2
                text8                          000485  000076  0004FB       90A       0  CODE        2
                text7                          0004FB  0000A2  00059D       9F6       0  CODE        2
                text14                         00059D  0000AD  00064A       B3A       0  CODE        2
                text21                         00064A  0000B8  000702       C94       0  CODE        2
                text4                          000702  0000E9  0007EB       E04       0  CODE        2
                cinit                          0007EB  000015  000800       FD6       0  CODE        2


UNUSED ADDRESS RANGES

        Name                Unused          Largest block    Delta
        BANK0            0065-006F              B           1
        BANK1            00B2-00EF             3E           1
        BANK2            0110-016F             60           1
        BANK3            0190-01EF             60           1
        CODE             0003-006A             68           2
                         0800-1FFF            800
        CONFIG           2007-2007              1           2
        CONST            0003-006A             68           2
                         0800-1FFF            100
        EEDATA           2100-21FF            100           2
        ENTRY            0003-006A             68           2
                         0800-1FFF            100
        IDLOC            2000-2003              4           2
        RAM              0065-006F              B           1
                         00B2-00EF             3E
                         0110-016F             60
                         0190-01EF             60
        SFR0             0000-001F             20           1
        SFR1             0080-009F             20           1
        SFR2             0100-010F             10           1
        SFR3             0180-018F             10           1
        STRCODE          0003-006A             68           2
                         0800-1FFF           1800
        STRING           0003-006A             68           2
                         0800-1FFF            100

                                  Symbol Table

?_Get_Pre_Num              cstackBANK0  0020
?_Solve_Add_Sub            cstackBANK0  0020
?_Solve_Mul_Div            cstackBANK0  002D
?_Solve_expr               cstackBANK0  0039
?___awdiv                  cstackBANK0  0025
?___awmod                  cstackCOMMON 0070
?___wmul                   cstackCOMMON 0070
?_atoi                     cstackCOMMON 0076
Delete_Pre_Num@expr        cstackCOMMON 0073
Delete_Pre_Num@i           cstackCOMMON 0070
Delete_Pre_Num@j           cstackCOMMON 0072
Get_Expression@equ         cstackBANK0  0031
Get_Expression@expr        cstackBANK0  0020
Get_Expression@i           cstackBANK0  0032
Get_Pre_Num@expr           cstackBANK0  0024
Get_Pre_Num@i              cstackBANK0  0020
LCD_SEND_4BIT_CMD@CMD      cstackCOMMON 0073
LCD_Write_Char@Data        cstackCOMMON 0075
LCD_Write_Char@High4       cstackCOMMON 0074
LCD_Write_Char@Low4        cstackCOMMON 0073
Print_Result@col           cstackBANK0  0031
Print_Result@flag          cstackBANK0  002F
Print_Result@result        cstackBANK0  002D
Print_Result@row           cstackBANK0  0030
SET_LCD_DATA_PINS@Data     cstackCOMMON 0070
Solve_Add_Sub@expr         cstackBANK0  0025
Solve_Add_Sub@i            cstackBANK0  0026
Solve_Add_Sub@result       cstackBANK0  0023
Solve_Mul_Div@expr         cstackBANK0  0036
Solve_Mul_Div@i            cstackBANK0  0037
Solve_Mul_Div@result       cstackBANK0  0034
Solve_expr@expr            cstackBANK0  003D
Solve_expr@result          cstackBANK0  003B
_Delete_Pre_Num            text6        017D
_Get_Expression            text14       059D
_Get_Pre_Num               text5        0342
_LCD_SEND_4BIT_CMD         text17       00B1
_LCD_Write_Char            text19       01C9
_OPTION_REG                (abs)        0081
_PORTB                     (abs)        0006
_Print_Result              text9        0271
_RD0                       (abs)        0040
_RD1                       (abs)        0041
_RD2                       (abs)        0042
_RD3                       (abs)        0043
_RD4                       (abs)        0044
_RD5                       (abs)        0045
_SET_LCD_DATA_PINS         text20       00CB
_Solve_Add_Sub             text7        04FB
_Solve_Mul_Div             text4        0702
_Solve_Mul_Div$793         cstackBANK0  0030
_Solve_Mul_Div$794         cstackBANK0  0032
_Solve_expr                text3        0112
_TRISB                     (abs)        0086
_TRISD0                    (abs)        0440
_TRISD1                    (abs)        0441
_TRISD2                    (abs)        0442
_TRISD3                    (abs)        0443
_TRISD4                    (abs)        0444
_TRISD5                    (abs)        0445
__H__absolute__            __absolute__ 0000
__Habs1                    abs1         0000
__Hbank0                   bank0        0000
__Hbank1                   bank1        0000
__Hbank2                   bank2        0000
__Hbank3                   bank3        0000
__HbssBANK0                bssBANK0     0000
__HbssBANK1                bssBANK1     0000
__Hcinit                   cinit        0800
__Hclrtext                 clrtext      0000
__Hcode                    code         0000
__Hcommon                  common       0000
__HcstackBANK0             cstackBANK0  0000
__HcstackCOMMON            cstackCOMMON 0000
__Heeprom_data             eeprom_data  0000
__Hend_init                end_init     0003
__Hfunctab                 functab      0000
__Hheap                    heap         0000
__Hinit                    init         0000
__Hintentry                intentry     0000
__Hmaintext                maintext     0000
__Hpowerup                 powerup      0000
__Hram                     ram          0000
__Hreset_vec               reset_vec    0000
__Hsfr0                    sfr0         0000
__Hsfr1                    sfr1         0000
__Hsfr2                    sfr2         0000
__Hsfr3                    sfr3         0000
__Hsivt                    sivt         0000
__Hspace_0                 (abs)        0800
__Hspace_1                 (abs)        00B2
__Hspace_2                 (abs)        0000
__Hspace_3                 (abs)        0000
__Hstack                   stack        0000
__Hstrings                 strings      0000
__Htext                    text         0000
__L__absolute__            __absolute__ 0000
__Labs1                    abs1         0000
__Lbank0                   bank0        0000
__Lbank1                   bank1        0000
__Lbank2                   bank2        0000
__Lbank3                   bank3        0000
__LbssBANK0                bssBANK0     0000
__LbssBANK1                bssBANK1     0000
__Lcinit                   cinit        07EB
__Lclrtext                 clrtext      0000
__Lcode                    code         0000
__Lcommon                  common       0000
__LcstackBANK0             cstackBANK0  0000
__LcstackCOMMON            cstackCOMMON 0000
__Leeprom_data             eeprom_data  0000
__Lend_init                end_init     0000
__Lfunctab                 functab      0000
__Lheap                    heap         0000
__Linit                    init         0000
__Lintentry                intentry     0000
__Lmaintext                maintext     0000
__Lpowerup                 powerup      0000
__Lram                     ram          0000
__Lreset_vec               reset_vec    0000
__Lsfr0                    sfr0         0000
__Lsfr1                    sfr1         0000
__Lsfr2                    sfr2         0000
__Lsfr3                    sfr3         0000
__Lsivt                    sivt         0000
__Lspace_0                 (abs)        0000
__Lspace_1                 (abs)        0000
__Lspace_2                 (abs)        0000
__Lspace_3                 (abs)        0000
__Lstack                   stack        0000
__Lstrings                 strings      0000
__Ltext                    text         0000
__S0                       (abs)        0800
__S1                       (abs)        00B2
__S3                       (abs)        0000
___awdiv                   text13       02D9
___awdiv@counter           cstackBANK0  0029
___awdiv@dividend          cstackBANK0  0027
___awdiv@divisor           cstackBANK0  0025
___awdiv@quotient          cstackBANK0  002B
___awdiv@sign              cstackBANK0  002A
___awmod                   text12       0218
___awmod@counter           cstackCOMMON 0074
___awmod@dividend          cstackCOMMON 0072
___awmod@divisor           cstackCOMMON 0070
___awmod@sign              cstackCOMMON 0075
___heap_hi                 (abs)        0000
___heap_lo                 (abs)        0000
___int_sp                  stack        0000
___int_stack_hi            stack        0000
___int_stack_lo            stack        0000
___latbits                 (abs)        0002
___sp                      stack        0000
___stack_hi                stack        0000
___stack_lo                stack        0000
___stackhi                 (abs)        0000
___stacklo                 (abs)        0000
___wmul                    text11       00ED
___wmul@multiplicand       cstackCOMMON 0072
___wmul@multiplier         cstackCOMMON 0070
___wmul@product            cstackCOMMON 0074
__end_of_Delete_Pre_Num    text6        01C9
__end_of_Get_Expression    text14       064A
__end_of_Get_Pre_Num       text5        03AB
__end_of_LCD_SEND_4BIT_CMD text17       00CB
__end_of_LCD_Write_Char    text19       0218
__end_of_Print_Result      text9        02D9
__end_of_SET_LCD_DATA_PINS text20       00ED
__end_of_Solve_Add_Sub     text7        059D
__end_of_Solve_Mul_Div     text4        07EB
__end_of_Solve_expr        text3        0138
__end_of___awdiv           text13       0342
__end_of___awmod           text12       0271
__end_of___wmul            text11       0112
__end_of__initialization   cinit        07FC
__end_of_atoi              text8        04FB
__end_of_keypad_get_key    text21       0702
__end_of_keypad_init       text2        0089
__end_of_lcd_chr           text10       0099
__end_of_lcd_chr_cp        text18       0073
__end_of_lcd_cmd           text16       00B1
__end_of_lcd_init          text1        0415
__end_of_lcd_set_cursor    text15       017D
__end_of_main              maintext     0485
__initialization           cinit        07EB
__pbssBANK0                bssBANK0     0054
__pbssBANK1                bssBANK1     00A0
__pcstackBANK0             cstackBANK0  0020
__pcstackCOMMON            cstackCOMMON 0070
__pmaintext                maintext     0415
__ptext1                   text1        03AB
__ptext10                  text10       0089
__ptext11                  text11       00ED
__ptext12                  text12       0218
__ptext13                  text13       02D9
__ptext14                  text14       059D
__ptext15                  text15       0138
__ptext16                  text16       0099
__ptext17                  text17       00B1
__ptext18                  text18       006B
__ptext19                  text19       01C9
__ptext2                   text2        007B
__ptext20                  text20       00CB
__ptext21                  text21       064A
__ptext3                   text3        0112
__ptext4                   text4        0702
__ptext5                   text5        0342
__ptext6                   text6        017D
__ptext7                   text7        04FB
__ptext8                   text8        0485
__ptext9                   text9        0271
_atoi                      text8        0485
_keypad_get_key            text21       064A
_keypad_init               text2        007B
_lcd_chr                   text10       0089
_lcd_chr_cp                text18       006B
_lcd_cmd                   text16       0099
_lcd_init                  text1        03AB
_lcd_set_cursor            text15       0138
_main                      maintext     0415
atoi@n                     cstackCOMMON 007B
atoi@neg                   cstackCOMMON 007A
atoi@s                     cstackCOMMON 007D
btemp                      (abs)        007E
clear_ram0                 clrtext      0073
end_of_initialization      cinit        07FC
intlevel0                  functab      0000
intlevel1                  functab      0000
intlevel2                  functab      0000
intlevel3                  functab      0000
intlevel4                  functab      0000
intlevel5                  functab      0000
lcd_chr@chr                cstackCOMMON 007B
lcd_chr@col                cstackCOMMON 007A
lcd_chr@row                cstackCOMMON 007C
lcd_chr_cp@chr             cstackCOMMON 0076
lcd_cmd@command            cstackCOMMON 0075
lcd_set_cursor@High4       cstackCOMMON 0078
lcd_set_cursor@Low4        cstackCOMMON 0077
lcd_set_cursor@Temp        cstackCOMMON 0079
lcd_set_cursor@c           cstackCOMMON 0074
lcd_set_cursor@r           cstackCOMMON 0076
main@expr                  cstackBANK0  003E
main@i                     cstackBANK0  0052
main@result                cstackBANK0  0050
reset_vec                  reset_vec    0000
start                      init         0000
start_initialization       cinit        07EB
wtemp0                     (abs)        007E


MODULE INFORMATION

Module		Function		Class		Link	Load	Size
keypad.c
		_keypad_init   		CODE           	007B	0000	14
		_keypad_get_key		CODE           	064A	0000	184

keypad.c estimated size: 198

C:\Program Files\Microchip\xc8\v2.46\pic\sources\c99\common\awdiv.c
		___awdiv       		CODE           	02D9	0000	105

C:\Program Files\Microchip\xc8\v2.46\pic\sources\c99\common\awdiv.c estimated size: 105

C:\Program Files\Microchip\xc8\v2.46\pic\sources\c99\common\atoi.c
		_atoi          		CODE           	0485	0000	118

C:\Program Files\Microchip\xc8\v2.46\pic\sources\c99\common\atoi.c estimated size: 118

shared
		__initialization		CODE           	07EB	0000	17

shared estimated size: 17

C:\Program Files\Microchip\xc8\v2.46\pic\sources\c99\common\Umul16.c
		___wmul        		CODE           	00ED	0000	37

C:\Program Files\Microchip\xc8\v2.46\pic\sources\c99\common\Umul16.c estimated size: 37

lcd.c
		_lcd_chr       		CODE           	0089	0000	16
		_lcd_chr_cp    		CODE           	006B	0000	8
		_LCD_Write_Char		CODE           	01C9	0000	79
		_lcd_cmd       		CODE           	0099	0000	24
		_lcd_set_cursor		CODE           	0138	0000	69
		_LCD_SEND_4BIT_CMD		CODE           	00B1	0000	26
		_SET_LCD_DATA_PINS		CODE           	00CB	0000	34
		_lcd_init      		CODE           	03AB	0000	106

lcd.c estimated size: 362

C:\Program Files\Microchip\xc8\v2.46\pic\sources\c99\common\awmod.c
		___awmod       		CODE           	0218	0000	89

C:\Program Files\Microchip\xc8\v2.46\pic\sources\c99\common\awmod.c estimated size: 89

main.c
		_Solve_Add_Sub 		CODE           	04FB	0000	162
		_main          		CODE           	0415	0000	112
		_Solve_Mul_Div 		CODE           	0702	0000	233
		_Print_Result  		CODE           	0271	0000	104
		_Delete_Pre_Num		CODE           	017D	0000	76
		_Get_Expression		CODE           	059D	0000	173
		_Get_Pre_Num   		CODE           	0342	0000	105
		_Solve_expr    		CODE           	0112	0000	38

main.c estimated size: 1003

